﻿
> build
> vite build

[36mvite v8.0.10 [32mbuilding client environment for production...[36m[39m
[plugin @laravel/vite-plugin-wayfinder] Types generated for actions, routes, form variants
[2K
transforming...Γ£ô 2271 modules transformed.
rendering chunks...
computing gzip size...
public/build/assets/instrument-sans-400-normal-Q_nF8v4l.woff2    6.85 kB
public/build/assets/instrument-sans-600-normal-BsaQcF38.woff2    6.94 kB
public/build/assets/instrument-sans-500-normal-CTEe1bJa.woff2    6.98 kB
public/build/assets/instrument-sans-400-normal-r32jotim.woff     8.96 kB
public/build/assets/instrument-sans-500-normal-CAxz3nsc.woff     9.06 kB
public/build/assets/instrument-sans-600-normal-DMks36a2.woff     9.10 kB
public/build/fonts-manifest.json                                11.19 kB Γöé gzip:  0.97 kB
public/build/manifest.json                                      12.20 kB Γöé gzip:  1.56 kB
public/build/assets/instrument-sans-400-normal-DRC__1Mx.woff2   16.86 kB
public/build/assets/instrument-sans-500-normal-Dk9ku72i.woff2   17.23 kB
public/build/assets/instrument-sans-600-normal-B7fBEWYG.woff2   17.40 kB
public/build/assets/instrument-sans-400-normal-D1W7dsQl.woff    21.24 kB
public/build/assets/instrument-sans-500-normal-Z6ESRlEs.woff    21.65 kB
public/build/assets/instrument-sans-600-normal-B9e8oLYv.woff    21.67 kB
public/build/assets/fonts-DkuEHybc.css                           4.76 kB Γöé gzip:  0.55 kB
public/build/assets/app-42AaF9qm.css                           108.56 kB Γöé gzip: 17.49 kB
public/build/assets/check-CH9IHLyj.js                            0.11 kB Γöé gzip:  0.12 kB
public/build/assets/loader-circle-DOZ2FiH3.js                    0.13 kB Γöé gzip:  0.14 kB
public/build/assets/plus-DseVVmEg.js                             0.14 kB Γöé gzip:  0.13 kB
public/build/assets/eye-DrmofSm3.js                              0.24 kB Γöé gzip:  0.19 kB
public/build/assets/confirm-DwWWaVUW.js                          0.36 kB Γöé gzip:  0.22 kB
public/build/assets/input-error-CKglFWLf.js                      0.44 kB Γöé gzip:  0.32 kB
public/build/assets/spinner-BVuNycIb.js                          0.47 kB Γöé gzip:  0.34 kB
public/build/assets/text-link-DtoRdXB-.js                        0.61 kB Γöé gzip:  0.41 kB
public/build/assets/label-AVR1vCgN.js                            0.83 kB Γöé gzip:  0.53 kB
public/build/assets/wayfinder-CQ_JQvt5.js                        0.89 kB Γöé gzip:  0.52 kB
public/build/assets/confirm-password-CuOwNUS_.js                 1.37 kB Γöé gzip:  0.69 kB
public/build/assets/verify-email-CVEQHDCu.js                     1.40 kB Γöé gzip:  0.76 kB
public/build/assets/verification-CLh8jWuJ.js                     1.48 kB Γöé gzip:  0.52 kB
public/build/assets/password-input-B02bgJuJ.js                   1.65 kB Γöé gzip:  0.95 kB
public/build/assets/card-DPsTS5iG.js                             1.72 kB Γöé gzip:  0.47 kB
public/build/assets/settings-BMXlKzO1.js                         1.84 kB Γöé gzip:  0.83 kB
public/build/assets/forgot-password-_IbUNE6V.js                  1.94 kB Γöé gzip:  0.90 kB
public/build/assets/reset-password-D0ccFtH7.js                   2.23 kB Γöé gzip:  0.92 kB
public/build/assets/appearance-COuH9mXE.js                       2.55 kB Γöé gzip:  1.23 kB
public/build/assets/password-Bbej_6MF.js                         2.73 kB Γöé gzip:  0.73 kB
public/build/assets/two-factor-challenge-DSg7zLT1.js             2.74 kB Γöé gzip:  1.25 kB
public/build/assets/register-eQ4IKUCR.js                         2.77 kB Γöé gzip:  1.04 kB
public/build/assets/dialog-Duog64vH.js                           4.02 kB Γöé gzip:  1.23 kB
public/build/assets/member-register-CFgILb6u.js                  5.24 kB Γöé gzip:  2.03 kB
public/build/assets/welcome-BHThso-k.js                          6.33 kB Γöé gzip:  2.07 kB
public/build/assets/profile-Dfzxnf8J.js                          7.23 kB Γöé gzip:  2.41 kB
public/build/assets/login-SlvVeXwu.js                           11.14 kB Γöé gzip:  4.38 kB
public/build/assets/use-two-factor-auth-DQtZ40bB.js             16.69 kB Γöé gzip:  6.03 kB
public/build/assets/security-BAHe5Ckr.js                        19.76 kB Γöé gzip:  6.83 kB
public/build/assets/dashboard-DeklO-0D.js                       42.79 kB Γöé gzip: 12.42 kB
public/build/assets/app-B_mh-DDQ.js                            226.50 kB Γöé gzip: 65.84 kB
public/build/assets/jsx-runtime-Dd4h_rRE.js                    313.54 kB Γöé gzip: 98.70 kB

node.exe : [33m[33m[PLUGIN_TIMINGS] Warning:[0m Your build spent 
significant time in plugins. Here is a breakdown:
At line:1 char:1
+ & "C:\Program Files\nodejs/node.exe" "C:\Program Files\nodejs/node_mo ...
+ ~~~~~~~~~~~~~~~~~~~~~~~~~~~~~~~~~~~~~~~~~~~~~~~~~~~~~~~~~~~~~~~~~~~~~
    + CategoryInfo          : NotSpecified: ([33m[33m[PLUG...is a breakdown: 
   :String) [], RemoteException
    + FullyQualifiedErrorId : NativeCommandError
 
  - @inertiajs/vite (82%)
  - laravel (13%)
  - vite:react-babel (4%)
See https://rolldown.rs/options/checks#plugintimings for more details.
[39m
[32mΓ£ô built in 3.69s[39m
